Archive member included to satisfy reference by file (symbol)

c:/program files (x86)/gnu tools arm embedded/5.4 2016q2/bin/../lib/gcc/arm-none-eabi/5.4.1/../../../../arm-none-eabi/lib/armv7e-m\libg_nano.a(lib_a-errno.o)
                              ./system/src/newlib/_sbrk.o (__errno)
c:/program files (x86)/gnu tools arm embedded/5.4 2016q2/bin/../lib/gcc/arm-none-eabi/5.4.1/../../../../arm-none-eabi/lib/armv7e-m\libg_nano.a(lib_a-impure.o)
                              c:/program files (x86)/gnu tools arm embedded/5.4 2016q2/bin/../lib/gcc/arm-none-eabi/5.4.1/../../../../arm-none-eabi/lib/armv7e-m\libg_nano.a(lib_a-errno.o) (_impure_ptr)
c:/program files (x86)/gnu tools arm embedded/5.4 2016q2/bin/../lib/gcc/arm-none-eabi/5.4.1/../../../../arm-none-eabi/lib/armv7e-m\libg_nano.a(lib_a-sprintf.o)
                              ./src/main.o (sprintf)
c:/program files (x86)/gnu tools arm embedded/5.4 2016q2/bin/../lib/gcc/arm-none-eabi/5.4.1/../../../../arm-none-eabi/lib/armv7e-m\libg_nano.a(lib_a-strlen.o)
                              ./system/src/diag/Trace.o (strlen)
c:/program files (x86)/gnu tools arm embedded/5.4 2016q2/bin/../lib/gcc/arm-none-eabi/5.4.1/../../../../arm-none-eabi/lib/armv7e-m\libg_nano.a(lib_a-vsnprintf.o)
                              ./system/src/diag/Trace.o (vsnprintf)
c:/program files (x86)/gnu tools arm embedded/5.4 2016q2/bin/../lib/gcc/arm-none-eabi/5.4.1/../../../../arm-none-eabi/lib/armv7e-m\libg_nano.a(lib_a-nano-svfprintf.o)
                              c:/program files (x86)/gnu tools arm embedded/5.4 2016q2/bin/../lib/gcc/arm-none-eabi/5.4.1/../../../../arm-none-eabi/lib/armv7e-m\libg_nano.a(lib_a-sprintf.o) (_svfprintf_r)
c:/program files (x86)/gnu tools arm embedded/5.4 2016q2/bin/../lib/gcc/arm-none-eabi/5.4.1/../../../../arm-none-eabi/lib/armv7e-m\libg_nano.a(lib_a-nano-vfprintf_i.o)
                              c:/program files (x86)/gnu tools arm embedded/5.4 2016q2/bin/../lib/gcc/arm-none-eabi/5.4.1/../../../../arm-none-eabi/lib/armv7e-m\libg_nano.a(lib_a-nano-svfprintf.o) (_printf_i)
c:/program files (x86)/gnu tools arm embedded/5.4 2016q2/bin/../lib/gcc/arm-none-eabi/5.4.1/../../../../arm-none-eabi/lib/armv7e-m\libg_nano.a(lib_a-memchr.o)
                              c:/program files (x86)/gnu tools arm embedded/5.4 2016q2/bin/../lib/gcc/arm-none-eabi/5.4.1/../../../../arm-none-eabi/lib/armv7e-m\libg_nano.a(lib_a-nano-svfprintf.o) (memchr)
c:/program files (x86)/gnu tools arm embedded/5.4 2016q2/bin/../lib/gcc/arm-none-eabi/5.4.1/../../../../arm-none-eabi/lib/armv7e-m\libg_nano.a(lib_a-memcpy-stub.o)
                              c:/program files (x86)/gnu tools arm embedded/5.4 2016q2/bin/../lib/gcc/arm-none-eabi/5.4.1/../../../../arm-none-eabi/lib/armv7e-m\libg_nano.a(lib_a-nano-svfprintf.o) (memcpy)
c:/program files (x86)/gnu tools arm embedded/5.4 2016q2/bin/../lib/gcc/arm-none-eabi/5.4.1/../../../../arm-none-eabi/lib/armv7e-m\libg_nano.a(lib_a-memmove.o)
                              c:/program files (x86)/gnu tools arm embedded/5.4 2016q2/bin/../lib/gcc/arm-none-eabi/5.4.1/../../../../arm-none-eabi/lib/armv7e-m\libg_nano.a(lib_a-nano-svfprintf.o) (memmove)
c:/program files (x86)/gnu tools arm embedded/5.4 2016q2/bin/../lib/gcc/arm-none-eabi/5.4.1/../../../../arm-none-eabi/lib/armv7e-m\libg_nano.a(lib_a-nano-freer.o)
                              c:/program files (x86)/gnu tools arm embedded/5.4 2016q2/bin/../lib/gcc/arm-none-eabi/5.4.1/../../../../arm-none-eabi/lib/armv7e-m\libg_nano.a(lib_a-nano-svfprintf.o) (_free_r)
c:/program files (x86)/gnu tools arm embedded/5.4 2016q2/bin/../lib/gcc/arm-none-eabi/5.4.1/../../../../arm-none-eabi/lib/armv7e-m\libg_nano.a(lib_a-nano-mallocr.o)
                              c:/program files (x86)/gnu tools arm embedded/5.4 2016q2/bin/../lib/gcc/arm-none-eabi/5.4.1/../../../../arm-none-eabi/lib/armv7e-m\libg_nano.a(lib_a-nano-svfprintf.o) (_malloc_r)
c:/program files (x86)/gnu tools arm embedded/5.4 2016q2/bin/../lib/gcc/arm-none-eabi/5.4.1/../../../../arm-none-eabi/lib/armv7e-m\libg_nano.a(lib_a-nano-reallocr.o)
                              c:/program files (x86)/gnu tools arm embedded/5.4 2016q2/bin/../lib/gcc/arm-none-eabi/5.4.1/../../../../arm-none-eabi/lib/armv7e-m\libg_nano.a(lib_a-nano-svfprintf.o) (_realloc_r)
c:/program files (x86)/gnu tools arm embedded/5.4 2016q2/bin/../lib/gcc/arm-none-eabi/5.4.1/../../../../arm-none-eabi/lib/armv7e-m\libg_nano.a(lib_a-sbrkr.o)
                              c:/program files (x86)/gnu tools arm embedded/5.4 2016q2/bin/../lib/gcc/arm-none-eabi/5.4.1/../../../../arm-none-eabi/lib/armv7e-m\libg_nano.a(lib_a-nano-mallocr.o) (_sbrk_r)
c:/program files (x86)/gnu tools arm embedded/5.4 2016q2/bin/../lib/gcc/arm-none-eabi/5.4.1/../../../../arm-none-eabi/lib/armv7e-m\libg_nano.a(lib_a-mlock.o)
[...]
Memory Configuration

Name             Origin             Length             Attributes
RAM              0x20000000         0x00020000         xrw
CCMRAM           0x10000000         0x00010000         xrw
FLASH            0x08000000         0x00100000         xr
FLASHB1          0x00000000         0x00000000         xr
EXTMEMB0         0x00000000         0x00000000         xr
EXTMEMB1         0x00000000         0x00000000         xr
EXTMEMB2         0x00000000         0x00000000         xr
EXTMEMB3         0x00000000         0x00000000         xr
MEMORY_ARRAY     0x20002000         0x00000020         xrw
*default*        0x00000000         0xffffffff

Linker script and memory map

LOAD ./system/src/stm32f4-hal/stm32f4xx_hal.o
LOAD ./system/src/stm32f4-hal/stm32f4xx_hal_adc.o
LOAD ./system/src/stm32f4-hal/stm32f4xx_hal_cortex.o
LOAD ./system/src/stm32f4-hal/stm32f4xx_hal_flash.o
LOAD ./system/src/stm32f4-hal/stm32f4xx_hal_gpio.o
LOAD ./system/src/stm32f4-hal/stm32f4xx_hal_i2c.o
LOAD ./system/src/stm32f4-hal/stm32f4xx_hal_iwdg.o
LOAD ./system/src/stm32f4-hal/stm32f4xx_hal_pwr.o
LOAD ./system/src/stm32f4-hal/stm32f4xx_hal_rcc.o
LOAD ./system/src/stm32f4-hal/stm32f4xx_hal_spi.o
LOAD ./system/src/stm32f4-hal/stm32f4xx_hal_uart.o
LOAD ./system/src/newlib/_cxx.o
LOAD ./system/src/newlib/_exit.o
LOAD ./system/src/newlib/_sbrk.o
LOAD ./system/src/newlib/_startup.o
LOAD ./system/src/newlib/_syscalls.o
LOAD ./system/src/newlib/assert.o
LOAD ./system/src/diag/Trace.o
LOAD ./system/src/diag/trace_impl.o
LOAD ./system/src/cortexm/_initialize_hardware.o
LOAD ./system/src/cortexm/_reset_hardware.o
LOAD ./system/src/cortexm/exception_handlers.o
LOAD ./system/src/cmsis/system_stm32f4xx.o
LOAD ./system/src/cmsis/vectors_stm32f446xx.o
LOAD ./src/_initialize_hardware.o
LOAD ./src/_write.o
LOAD ./src/main.o
LOAD ./src/stm32f4xx_hal_msp.o
LOAD ./src/stm32f4xx_it.o
LOAD c:/program files (x86)/gnu tools arm embedded/5.4 2016q2/bin/../lib/gcc/arm-none-eabi/5.4.1/../../../../arm-none-eabi/lib/armv7e-m\libstdc++_nano.a
LOAD c:/program files (x86)/gnu tools arm embedded/5.4 2016q2/bin/../lib/gcc/arm-none-eabi/5.4.1/../../../../arm-none-eabi/lib/armv7e-m\libm.a
START GROUP
LOAD c:/program files (x86)/gnu tools arm embedded/5.4 2016q2/bin/../lib/gcc/arm-none-eabi/5.4.1/armv7e-m\libgcc.a
LOAD c:/program files (x86)/gnu tools arm embedded/5.4 2016q2/bin/../lib/gcc/arm-none-eabi/5.4.1/../../../../arm-none-eabi/lib/armv7e-m\libg_nano.a
LOAD c:/program files (x86)/gnu tools arm embedded/5.4 2016q2/bin/../lib/gcc/arm-none-eabi/5.4.1/../../../../arm-none-eabi/lib/armv7e-m\libc_nano.a
END GROUP
START GROUP
LOAD c:/program files (x86)/gnu tools arm embedded/5.4 2016q2/bin/../lib/gcc/arm-none-eabi/5.4.1/armv7e-m\libgcc.a
LOAD c:/program files (x86)/gnu tools arm embedded/5.4 2016q2/bin/../lib/gcc/arm-none-eabi/5.4.1/../../../../arm-none-eabi/lib/armv7e-m\libc_nano.a
END GROUP
                0x20020000                __stack = (ORIGIN (RAM) + LENGTH (RAM))
                0x20020000                _estack = __stack
                0x00000400                __Main_Stack_Size = 0x400
                [!provide]                PROVIDE (_Main_Stack_Size, __Main_Stack_Size)
                0x2001fc00                __Main_Stack_Limit = (__stack - __Main_Stack_Size)
                [!provide]                PROVIDE (_Main_Stack_Limit, __Main_Stack_Limit)
                0x00000100                _Minimum_Stack_Size = 0x100
                0x20000298                PROVIDE (_Heap_Begin, _end_noinit)
                0x2001fc00                PROVIDE (_Heap_Limit, (__stack - __Main_Stack_Size))

.isr_vector     0x08000000      0x430
 FILL mask 0xff
                0x08000000                __vectors_start = ABSOLUTE (.)
                0x08000000                __vectors_start__ = ABSOLUTE (.)
 *(.isr_vector)
 .isr_vector    0x08000000      0x1c4 ./system/src/cmsis/vectors_stm32f446xx.o
                0x08000000                __isr_vectors
 *(.cfmconfig)
 *(.after_vectors .after_vectors.*)
 .after_vectors
                0x080001c4      0x130 ./system/src/newlib/_startup.o
                0x080001c4                _start
 .after_vectors
                0x080002f4      0x130 ./system/src/cortexm/exception_handlers.o
                0x080002f4                Reset_Handler
                0x080002fc                NMI_Handler
                0x08000300                HardFault_Handler
                0x08000314                HardFault_Handler_C
                0x08000374                MemManage_Handler
                0x08000378                BusFault_Handler
                0x0800038c                BusFault_Handler_C
                0x080003c0                UsageFault_Handler
                0x080003d4                UsageFault_Handler_C
                0x08000408                SVC_Handler
                0x0800040c                DebugMon_Handler
                0x08000410                PendSV_Handler
 .after_vectors
                0x08000424        0x4 ./system/src/cmsis/vectors_stm32f446xx.o
                0x08000424                RTC_Alarm_IRQHandler
                0x08000424                EXTI2_IRQHandler
                0x08000424                TIM8_CC_IRQHandler
                0x08000424                SPI4_IRQHandler
                0x08000424                TIM1_CC_IRQHandler
                0x08000424                DMA2_Stream5_IRQHandler
                0x08000424                DMA1_Stream5_IRQHandler
                0x08000424                PVD_IRQHandler
                0x08000424                SDIO_IRQHandler
                0x08000424                TAMP_STAMP_IRQHandler
                0x08000424                CAN2_RX1_IRQHandler
                0x08000424                EXTI3_IRQHandler
                0x08000424                TIM8_TRG_COM_TIM14_IRQHandler
                0x08000424                TIM1_UP_TIM10_IRQHandler
                0x08000424                TIM8_UP_TIM13_IRQHandler
                0x08000424                I2C3_ER_IRQHandler
                0x08000424                EXTI0_IRQHandler
                0x08000424                I2C2_EV_IRQHandler
                0x08000424                DMA1_Stream2_IRQHandler
                0x08000424                CAN1_RX0_IRQHandler
                0x08000424                FPU_IRQHandler
                0x08000424                OTG_HS_WKUP_IRQHandler
                0x08000424                CAN2_SCE_IRQHandler
                0x08000424                DMA2_Stream2_IRQHandler
                0x08000424                SPI1_IRQHandler
                0x08000424                TIM6_DAC_IRQHandler
                0x08000424                TIM1_BRK_TIM9_IRQHandler
                0x08000424                DCMI_IRQHandler
                0x08000424                CAN2_RX0_IRQHandler
                0x08000424                DMA2_Stream3_IRQHandler
                0x08000424                SAI2_IRQHandler
                0x08000424                USART6_IRQHandler
                0x08000424                CAN1_RX1_IRQHandler
                0x08000424                UART5_IRQHandler
                0x08000424                DMA2_Stream0_IRQHandler
                0x08000424                I2C4_Error_IRQHandler
                0x08000424                TIM4_IRQHandler
                0x08000424                QUADSPI_IRQHandler
                0x08000424                I2C1_EV_IRQHandler
                0x08000424                DMA1_Stream6_IRQHandler
                0x08000424                DMA1_Stream1_IRQHandler
                0x08000424                UART4_IRQHandler
                0x08000424                TIM3_IRQHandler
                0x08000424                RCC_IRQHandler
                0x08000424                TIM8_BRK_TIM12_IRQHandler
                0x08000424                Default_Handler
                0x08000424                CEC_IRQHandler
                0x08000424                EXTI15_10_IRQHandler
                0x08000424                ADC_IRQHandler
                0x08000424                DMA1_Stream7_IRQHandler
                0x08000424                TIM7_IRQHandler
                0x08000424                CAN2_TX_IRQHandler
                0x08000424                TIM5_IRQHandler
                0x08000424                DMA2_Stream7_IRQHandler
                0x08000424                I2C3_EV_IRQHandler
                0x08000424                EXTI9_5_IRQHandler
                0x08000424                RTC_WKUP_IRQHandler
                0x08000424                SPDIF_RX_IRQHandler
                0x08000424                SPI2_IRQHandler
                0x08000424                OTG_HS_EP1_IN_IRQHandler
                0x08000424                DMA1_Stream0_IRQHandler
                0x08000424                CAN1_TX_IRQHandler
                0x08000424                EXTI4_IRQHandler
                0x08000424                OTG_HS_EP1_OUT_IRQHandler
                0x08000424                WWDG_IRQHandler
                0x08000424                TIM2_IRQHandler
                0x08000424                OTG_FS_WKUP_IRQHandler
                0x08000424                TIM1_TRG_COM_TIM11_IRQHandler
                0x08000424                OTG_HS_IRQHandler
                0x08000424                EXTI1_IRQHandler
                0x08000424                USART2_IRQHandler
                0x08000424                I2C2_ER_IRQHandler
                0x08000424                DMA2_Stream1_IRQHandler
                0x08000424                CAN1_SCE_IRQHandler
                0x08000424                FLASH_IRQHandler
                0x08000424                DMA2_Stream4_IRQHandler
                0x08000424                USART1_IRQHandler
                0x08000424                OTG_FS_IRQHandler
                0x08000424                SPI3_IRQHandler
                0x08000424                DMA1_Stream4_IRQHandler
                0x08000424                I2C1_ER_IRQHandler
                0x08000424                FMC_IRQHandler
                0x08000424                I2C4_Event_IRQHandler
                0x08000424                DMA2_Stream6_IRQHandler
                0x08000424                SAI1_IRQHandler
                0x08000424                DMA1_Stream3_IRQHandler
 .after_vectors
                0x08000428        0x8 ./src/_initialize_hardware.o
                0x08000428                SysTick_Handler

.inits          0x08000430       0x28
                0x08000430                __data_regions_array_start = .
                0x08000430        0x4 LONG 0x8003738 LOADADDR (.data)
                0x08000434        0x4 LONG 0x20000000 ADDR (.data)
                0x08000438        0x4 LONG 0x20000078 (ADDR (.data) + SIZEOF (.data))
                0x0800043c        0x4 LONG 0x8003738 LOADADDR (.data_CCMRAM)
                0x08000440        0x4 LONG 0x10000000 ADDR (.data_CCMRAM)
                0x08000444        0x4 LONG 0x10000000 (ADDR (.data_CCMRAM) + SIZEOF (.data_CCMRAM))
                0x08000448                __data_regions_array_end = .
                0x08000448                __bss_regions_array_start = .
                0x08000448        0x4 LONG 0x20000078 ADDR (.bss)
                0x0800044c        0x4 LONG 0x20000298 (ADDR (.bss) + SIZEOF (.bss))
                0x08000450        0x4 LONG 0x10000000 ADDR (.bss_CCMRAM)
                0x08000454        0x4 LONG 0x10000000 (ADDR (.bss_CCMRAM) + SIZEOF (.bss_CCMRAM))
                0x08000458                __bss_regions_array_end = .
 *(.init)
 *(.fini)
                0x08000458                . = ALIGN (0x4)
                0x08000458                PROVIDE (__preinit_array_start, .)
 *(.preinit_array_sysinit .preinit_array_sysinit.*)
 *(.preinit_array_platform .preinit_array_platform.*)
 *(.preinit_array .preinit_array.*)
                0x08000458                PROVIDE (__preinit_array_end, .)
                0x08000458                . = ALIGN (0x4)
                0x08000458                PROVIDE (__init_array_start, .)
 *(SORT(.init_array.*))
 *(.init_array)
                0x08000458                PROVIDE (__init_array_end, .)
                0x08000458                . = ALIGN (0x4)
                0x08000458                PROVIDE (__fini_array_start, .)
 *(SORT(.fini_array.*))
 *(.fini_array)
                0x08000458                PROVIDE (__fini_array_end, .)

.flashtext
 *(.flashtext .flashtext.*)

.text           0x08000460     0x32d5
 *(.text .text.*)
 .text.HAL_InitTick
                0x08000460       0x28 ./system/src/stm32f4-hal/stm32f4xx_hal.o
                0x08000460                HAL_InitTick
 .text.HAL_Init
                0x08000488       0x34 ./system/src/stm32f4-hal/stm32f4xx_hal.o
                0x08000488                HAL_Init
 .text.HAL_IncTick
                0x080004bc       0x10 ./system/src/stm32f4-hal/stm32f4xx_hal.o
                0x080004bc                HAL_IncTick
 .text.HAL_GetTick
                0x080004cc        0xc ./system/src/stm32f4-hal/stm32f4xx_hal.o
                0x080004cc                HAL_GetTick
 .text.HAL_Delay
                0x080004d8       0x1c ./system/src/stm32f4-hal/stm32f4xx_hal.o
                0x080004d8                HAL_Delay
 .text.ADC_Init
                0x080004f4      0x154 ./system/src/stm32f4-hal/stm32f4xx_hal_adc.o
 .text.HAL_ADC_Init
                0x08000648      0x1d4 ./system/src/stm32f4-hal/stm32f4xx_hal_adc.o
                0x08000648                HAL_ADC_Init
 .text.HAL_ADC_ConfigChannel
                0x0800081c      0x1cc ./system/src/stm32f4-hal/stm32f4xx_hal_adc.o
                0x0800081c                HAL_ADC_ConfigChannel
 .text.HAL_NVIC_SetPriorityGrouping
                0x080009e8       0x3c ./system/src/stm32f4-hal/stm32f4xx_hal_cortex.o
                0x080009e8                HAL_NVIC_SetPriorityGrouping
 .text.HAL_NVIC_SetPriority
                0x08000a24       0x84 ./system/src/stm32f4-hal/stm32f4xx_hal_cortex.o
                0x08000a24                HAL_NVIC_SetPriority
 .text.HAL_SYSTICK_Config
                0x08000aa8       0x2c ./system/src/stm32f4-hal/stm32f4xx_hal_cortex.o
                0x08000aa8                HAL_SYSTICK_Config
 .text.HAL_NVIC_ClearPendingIRQ
                0x08000ad4       0x30 ./system/src/stm32f4-hal/stm32f4xx_hal_cortex.o
                0x08000ad4                HAL_NVIC_ClearPendingIRQ
 .text.HAL_SYSTICK_CLKSourceConfig
                0x08000b04       0x38 ./system/src/stm32f4-hal/stm32f4xx_hal_cortex.o
                0x08000b04                HAL_SYSTICK_CLKSourceConfig
 .text.HAL_GPIO_Init
                0x08000b3c      0x34c ./system/src/stm32f4-hal/stm32f4xx_hal_gpio.o
                0x08000b3c                HAL_GPIO_Init
 .text.HAL_GPIO_WritePin
                0x08000e88       0x34 ./system/src/stm32f4-hal/stm32f4xx_hal_gpio.o
                0x08000e88                HAL_GPIO_WritePin
 .text.HAL_RCC_OscConfig
                0x08000ebc      0x448 ./system/src/stm32f4-hal/stm32f4xx_hal_rcc.o
                0x08000ebc                HAL_RCC_OscConfig
 .text.HAL_RCC_ClockConfig
                0x08001304      0x22c ./system/src/stm32f4-hal/stm32f4xx_hal_rcc.o
                0x08001304                HAL_RCC_ClockConfig
 .text.HAL_RCC_GetSysClockFreq
                0x08001530       0xa0 ./system/src/stm32f4-hal/stm32f4xx_hal_rcc.o
                0x08001530                HAL_RCC_GetSysClockFreq
 .text.HAL_RCC_GetHCLKFreq
                0x080015d0       0x34 ./system/src/stm32f4-hal/stm32f4xx_hal_rcc.o
                0x080015d0                HAL_RCC_GetHCLKFreq
 .text.HAL_RCC_GetPCLK1Freq
                0x08001604       0x30 ./system/src/stm32f4-hal/stm32f4xx_hal_rcc.o
                0x08001604                HAL_RCC_GetPCLK1Freq
 .text.HAL_RCC_GetPCLK2Freq
                0x08001634       0x30 ./system/src/stm32f4-hal/stm32f4xx_hal_rcc.o
                0x08001634                HAL_RCC_GetPCLK2Freq
 .text.HAL_SPI_Init
                0x08001664      0x1c4 ./system/src/stm32f4-hal/stm32f4xx_hal_spi.o
                0x08001664                HAL_SPI_Init
 .text.UART_Transmit_IT
                0x08001828       0x68 ./system/src/stm32f4-hal/stm32f4xx_hal_uart.o
 .text.UART_SetConfig
                0x08001890      0x390 ./system/src/stm32f4-hal/stm32f4xx_hal_uart.o
 .text.UART_WaitOnFlagUntilTimeout
                0x08001c20       0xdc ./system/src/stm32f4-hal/stm32f4xx_hal_uart.o
 .text.HAL_UART_Init
                0x08001cfc      0x120 ./system/src/stm32f4-hal/stm32f4xx_hal_uart.o
                0x08001cfc                HAL_UART_Init
 .text.HAL_UART_Transmit
                0x08001e1c       0xc0 ./system/src/stm32f4-hal/stm32f4xx_hal_uart.o
                0x08001e1c                HAL_UART_Transmit
 .text.HAL_UART_Receive_IT
                0x08001edc       0x64 ./system/src/stm32f4-hal/stm32f4xx_hal_uart.o
                0x08001edc                HAL_UART_Receive_IT
 .text.HAL_UART_TxCpltCallback
                0x08001f40        0x4 ./system/src/stm32f4-hal/stm32f4xx_hal_uart.o
                0x08001f40                HAL_UART_TxCpltCallback
 .text.UART_EndTransmit_IT
                0x08001f44       0x1c ./system/src/stm32f4-hal/stm32f4xx_hal_uart.o
 .text.UART_Receive_IT
                0x08001f60       0x9c ./system/src/stm32f4-hal/stm32f4xx_hal_uart.o
 .text.HAL_UART_ErrorCallback
                0x08001ffc        0x4 ./system/src/stm32f4-hal/stm32f4xx_hal_uart.o
                0x08001ffc                HAL_UART_ErrorCallback
 .text.HAL_UART_IRQHandler
                0x08002000      0x100 ./system/src/stm32f4-hal/stm32f4xx_hal_uart.o
                0x08002000                HAL_UART_IRQHandler
 .text._exit    0x08002100        0x4 ./system/src/newlib/_exit.o
                0x08002100                _exit
 .text.abort    0x08002104       0x14 ./system/src/newlib/_exit.o
                0x08002104                abort
 .text._sbrk    0x08002118       0x44 ./system/src/newlib/_sbrk.o
                0x08002118                _sbrk
 .text.__initialize_args
                0x0800215c       0x10 ./system/src/newlib/_syscalls.o
                0x0800215c                __initialize_args
 .text.assert_failed
                0x0800216c       0x14 ./system/src/newlib/assert.o
                0x0800216c                assert_failed
 .text.trace_printf
                0x08002180       0x30 ./system/src/diag/Trace.o
                0x08002180                trace_printf
 .text.trace_puts
                0x080021b0       0x20 ./system/src/diag/Trace.o
                0x080021b0                trace_puts
 .text._trace_write_semihosting_debug
                0x080021d0       0x64 ./system/src/diag/trace_impl.o
 .text.trace_write
                0x08002234        0x8 ./system/src/diag/trace_impl.o
                0x08002234                trace_write
 .text.__initialize_hardware_early
                0x0800223c       0x18 ./system/src/cortexm/_initialize_hardware.o
                0x0800223c                __initialize_hardware_early
 .text.dumpExceptionStack
                0x08002254       0xf0 ./system/src/cortexm/exception_handlers.o
                0x08002254                dumpExceptionStack
 .text.isSemihosting
                0x08002344       0x20 ./system/src/cortexm/exception_handlers.o
                0x08002344                isSemihosting
 .text.SystemInit
                0x08002364       0x40 ./system/src/cmsis/system_stm32f4xx.o
                0x08002364                SystemInit
 .text.SystemCoreClockUpdate
                0x080023a4       0xa0 ./system/src/cmsis/system_stm32f4xx.o
                0x080023a4                SystemCoreClockUpdate
 .text.MX_GPIO_Init
                0x08002444      0x138 ./src/_initialize_hardware.o
 .text.SystemClock_Config
                0x0800257c       0xa8 ./src/_initialize_hardware.o
                0x0800257c                SystemClock_Config
 .text.HAL_ADC_MspInit
                0x08002624       0x48 ./src/_initialize_hardware.o
                0x08002624                HAL_ADC_MspInit
 .text.HAL_SPI_MspInit
                0x0800266c       0x94 ./src/_initialize_hardware.o
                0x0800266c                HAL_SPI_MspInit
 .text.HAL_UART_MspInit
                0x08002700       0xb0 ./src/_initialize_hardware.o
                0x08002700                HAL_UART_MspInit
 .text.Error_Handler
                0x080027b0        0x4 ./src/_initialize_hardware.o
                0x080027b0                Error_Handler
 .text.MX_ADC1_Init
                0x080027b4       0x58 ./src/_initialize_hardware.o
 .text.MX_SPI1_Init
                0x0800280c       0x40 ./src/_initialize_hardware.o
 .text.MX_SPI3_Init
                0x0800284c       0x40 ./src/_initialize_hardware.o
 .text.MX_USART1_UART_Init
                0x0800288c       0x34 ./src/_initialize_hardware.o
 .text.MX_USART3_UART_Init
                0x080028c0       0x34 ./src/_initialize_hardware.o
 .text.__initialize_hardware
                0x080028f4       0x28 ./src/_initialize_hardware.o
                0x080028f4                __initialize_hardware
 .text.uart_tx  0x0800291c       0x1c ./src/main.o
                0x0800291c                uart_tx
 .text.main     0x08002938       0xb0 ./src/main.o
                0x08002938                main
 .text.HAL_UART_RxCpltCallback
                0x080029e8       0x30 ./src/main.o
                0x080029e8                HAL_UART_RxCpltCallback
 .text.HAL_MspInit
                0x08002a18        0x4 ./src/stm32f4xx_hal_msp.o
                0x08002a18                HAL_MspInit
 .text.USART3_IRQHandler
                0x08002a1c       0x1c ./src/stm32f4xx_it.o
                0x08002a1c                USART3_IRQHandler
 .text.__errno  0x08002a38        0xc c:/program files (x86)/gnu tools arm embedded/5.4 2016q2/bin/../lib/gcc/arm-none-eabi/5.4.1/../../../../arm-none-eabi/lib/armv7e-m\libg_nano.a(lib_a-errno.o)
                0x08002a38                __errno
 .text.sprintf  0x08002a44       0x48 c:/program files (x86)/gnu tools arm embedded/5.4 2016q2/bin/../lib/gcc/arm-none-eabi/5.4.1/../../../../arm-none-eabi/lib/armv7e-m\libg_nano.a(lib_a-sprintf.o)
                0x08002a44                siprintf
                0x08002a44                sprintf
 .text          0x08002a8c       0x10 c:/program files (x86)/gnu tools arm embedded/5.4 2016q2/bin/../lib/gcc/arm-none-eabi/5.4.1/../../../../arm-none-eabi/lib/armv7e-m\libg_nano.a(lib_a-strlen.o)
                0x08002a8c                strlen
 .text._vsnprintf_r
                0x08002a9c       0x56 c:/program files (x86)/gnu tools arm embedded/5.4 2016q2/bin/../lib/gcc/arm-none-eabi/5.4.1/../../../../arm-none-eabi/lib/armv7e-m\libg_nano.a(lib_a-vsnprintf.o)
                0x08002a9c                _vsniprintf_r
                0x08002a9c                _vsnprintf_r
 *fill*         0x08002af2        0x2 
 .text.vsnprintf
                0x08002af4       0x1c c:/program files (x86)/gnu tools arm embedded/5.4 2016q2/bin/../lib/gcc/arm-none-eabi/5.4.1/../../../../arm-none-eabi/lib/armv7e-m\libg_nano.a(lib_a-vsnprintf.o)
                0x08002af4                vsniprintf
                0x08002af4                vsnprintf
 .text.__ssputs_r
                0x08002b10       0xb2 c:/program files (x86)/gnu tools arm embedded/5.4 2016q2/bin/../lib/gcc/arm-none-eabi/5.4.1/../../../../arm-none-eabi/lib/armv7e-m\libg_nano.a(lib_a-nano-svfprintf.o)
                0x08002b10                __ssputs_r
 *fill*         0x08002bc2        0x2 
 .text._svfprintf_r
                0x08002bc4      0x1e8 c:/program files (x86)/gnu tools arm embedded/5.4 2016q2/bin/../lib/gcc/arm-none-eabi/5.4.1/../../../../arm-none-eabi/lib/armv7e-m\libg_nano.a(lib_a-nano-svfprintf.o)
                0x08002bc4                _svfiprintf_r
                0x08002bc4                _svfprintf_r
 .text._printf_common
                0x08002dac       0xec c:/program files (x86)/gnu tools arm embedded/5.4 2016q2/bin/../lib/gcc/arm-none-eabi/5.4.1/../../../../arm-none-eabi/lib/armv7e-m\libg_nano.a(lib_a-nano-vfprintf_i.o)
                0x08002dac                _printf_common
 .text._printf_i
                0x08002e98      0x24c c:/program files (x86)/gnu tools arm embedded/5.4 2016q2/bin/../lib/gcc/arm-none-eabi/5.4.1/../../../../arm-none-eabi/lib/armv7e-m\libg_nano.a(lib_a-nano-vfprintf_i.o)
                0x08002e98                _printf_i
 *fill*         0x080030e4        0xc 
 .text          0x080030f0       0xa0 c:/program files (x86)/gnu tools arm embedded/5.4 2016q2/bin/../lib/gcc/arm-none-eabi/5.4.1/../../../../arm-none-eabi/lib/armv7e-m\libg_nano.a(lib_a-memchr.o)
                0x080030f0                memchr
 .text.memcpy   0x08003190       0x16 c:/program files (x86)/gnu tools arm embedded/5.4 2016q2/bin/../lib/gcc/arm-none-eabi/5.4.1/../../../../arm-none-eabi/lib/armv7e-m\libg_nano.a(lib_a-memcpy-stub.o)
                0x08003190                memcpy
 .text.memmove  0x080031a6       0x36 c:/program files (x86)/gnu tools arm embedded/5.4 2016q2/bin/../lib/gcc/arm-none-eabi/5.4.1/../../../../arm-none-eabi/lib/armv7e-m\libg_nano.a(lib_a-memmove.o)
                0x080031a6                memmove
 .text._free_r  0x080031dc       0x9c c:/program files (x86)/gnu tools arm embedded/5.4 2016q2/bin/../lib/gcc/arm-none-eabi/5.4.1/../../../../arm-none-eabi/lib/armv7e-m\libg_nano.a(lib_a-nano-freer.o)
                0x080031dc                _free_r
 .text._malloc_r
                0x08003278       0xbc c:/program files (x86)/gnu tools arm embedded/5.4 2016q2/bin/../lib/gcc/arm-none-eabi/5.4.1/../../../../arm-none-eabi/lib/armv7e-m\libg_nano.a(lib_a-nano-mallocr.o)
                0x08003278                _malloc_r
 .text._realloc_r
                0x08003334       0x4c c:/program files (x86)/gnu tools arm embedded/5.4 2016q2/bin/../lib/gcc/arm-none-eabi/5.4.1/../../../../arm-none-eabi/lib/armv7e-m\libg_nano.a(lib_a-nano-reallocr.o)
                0x08003334                _realloc_r
 .text._sbrk_r  0x08003380       0x20 c:/program files (x86)/gnu tools arm embedded/5.4 2016q2/bin/../lib/gcc/arm-none-eabi/5.4.1/../../../../arm-none-eabi/lib/armv7e-m\libg_nano.a(lib_a-sbrkr.o)
                0x08003380                _sbrk_r
 .text.__malloc_lock
                0x080033a0        0x2 c:/program files (x86)/gnu tools arm embedded/5.4 2016q2/bin/../lib/gcc/arm-none-eabi/5.4.1/../../../../arm-none-eabi/lib/armv7e-m\libg_nano.a(lib_a-mlock.o)
                0x080033a0                __malloc_lock
 .text.__malloc_unlock
                0x080033a2        0x2 c:/program files (x86)/gnu tools arm embedded/5.4 2016q2/bin/../lib/gcc/arm-none-eabi/5.4.1/../../../../arm-none-eabi/lib/armv7e-m\libg_nano.a(lib_a-mlock.o)
                0x080033a2                __malloc_unlock
 .text._malloc_usable_size_r
                0x080033a4       0x14 c:/program files (x86)/gnu tools arm embedded/5.4 2016q2/bin/../lib/gcc/arm-none-eabi/5.4.1/../../../../arm-none-eabi/lib/armv7e-m\libg_nano.a(lib_a-nano-msizer.o)
                0x080033a4                _malloc_usable_size_r
 *(.rodata .rodata.* .constdata .constdata.*)
 .rodata.str1.4
                0x080033b8       0x2e ./system/src/stm32f4-hal/stm32f4xx_hal_adc.o
 *fill*         0x080033e6        0x2 
 .rodata.str1.4
                0x080033e8       0x31 ./system/src/stm32f4-hal/stm32f4xx_hal_cortex.o
 *fill*         0x08003419        0x3 
 .rodata.str1.4
                0x0800341c       0x2f ./system/src/stm32f4-hal/stm32f4xx_hal_gpio.o
 *fill*         0x0800344b        0x1 
 .rodata.APBAHBPrescTable
                0x0800344c       0x10 ./system/src/stm32f4-hal/stm32f4xx_hal_rcc.o
                0x0800344c                APBAHBPrescTable
 .rodata.str1.4
                0x0800345c       0x2e ./system/src/stm32f4-hal/stm32f4xx_hal_rcc.o
 *fill*         0x0800348a        0x2 
 .rodata.str1.4
                0x0800348c       0x2e ./system/src/stm32f4-hal/stm32f4xx_hal_spi.o
 *fill*         0x080034ba        0x2 
 .rodata.str1.4
                0x080034bc       0x2f ./system/src/stm32f4-hal/stm32f4xx_hal_uart.o
 *fill*         0x080034eb        0x1 
 .rodata.str1.4
                0x080034ec       0x14 ./system/src/newlib/_exit.o
 .rodata.str1.4
                0x08003500       0x6b ./system/src/newlib/assert.o
                                 0x6f (size before relaxing)
 *fill*         0x0800356b        0x1 
 .rodata.str1.4
                0x0800356c       0x29 ./system/src/diag/Trace.o
                                 0x2d (size before relaxing)
 *fill*         0x08003595        0x3 
 .rodata.str1.4
                0x08003598      0x146 ./system/src/cortexm/exception_handlers.o
 *fill*         0x080036de        0x2 
 .rodata.AHBPrescTable
                0x080036e0       0x10 ./system/src/cmsis/system_stm32f4xx.o
                0x080036e0                AHBPrescTable
 .rodata.str1.4
                0x080036f0       0x10 ./src/main.o
                                  0xf (size before relaxing)
 .rodata.str1.1
                0x08003700        0x2 c:/program files (x86)/gnu tools arm embedded/5.4 2016q2/bin/../lib/gcc/arm-none-eabi/5.4.1/../../../../arm-none-eabi/lib/armv7e-m\libg_nano.a(lib_a-impure.o)
 .rodata.str1.1
                0x08003702       0x11 c:/program files (x86)/gnu tools arm embedded/5.4 2016q2/bin/../lib/gcc/arm-none-eabi/5.4.1/../../../../arm-none-eabi/lib/armv7e-m\libg_nano.a(lib_a-nano-svfprintf.o)
 .rodata.str1.1
                0x08003713       0x22 c:/program files (x86)/gnu tools arm embedded/5.4 2016q2/bin/../lib/gcc/arm-none-eabi/5.4.1/../../../../arm-none-eabi/lib/armv7e-m\libg_nano.a(lib_a-nano-vfprintf_i.o)
 *(vtable)
 *(.eh_frame*)
 *(.glue_7)
 .glue_7        0x08003735        0x0 linker stubs
 *(.glue_7t)
 .glue_7t       0x08003735        0x0 linker stubs

.vfp11_veneer   0x08003738        0x0
 .vfp11_veneer  0x08003738        0x0 linker stubs

.v4_bx          0x08003738        0x0
 .v4_bx         0x08003738        0x0 linker stubs

.iplt           0x08003738        0x0
 .iplt          0x08003738        0x0 ./system/src/stm32f4-hal/stm32f4xx_hal.o

.rel.dyn        0x08003738        0x0
 .rel.iplt      0x08003738        0x0 ./system/src/stm32f4-hal/stm32f4xx_hal.o

.ARM.extab
 *(.ARM.extab* .gnu.linkonce.armextab.*)
                0x08003738                . = ALIGN (0x4)
                0x08003738                __exidx_start = .

.ARM.exidx
 *(.ARM.exidx* .gnu.linkonce.armexidx.*)
                0x08003738                __exidx_end = .
                0x08003738                . = ALIGN (0x4)
                0x08003738                _etext = .
                0x08003738                __etext = .

.data_CCMRAM    0x10000000        0x0 load address 0x08003738
 FILL mask 0xff
 *(.data.CCMRAM .data.CCMRAM.*)
                0x10000000                . = ALIGN (0x4)
                0x08003738                _sidata = LOADADDR (.data)

.data           0x20000000       0x78 load address 0x08003738
 FILL mask 0xff
                0x20000000                _sdata = .
                0x20000000                __data_start__ = .
 *(.data_begin .data_begin.*)
 .data_begin    0x20000000        0x4 ./system/src/newlib/_startup.o
 *(.data .data.*)
 .data.argv.4282
                0x20000004        0x8 ./system/src/newlib/_syscalls.o
 .data.SystemCoreClock
                0x2000000c        0x4 ./system/src/cmsis/system_stm32f4xx.o
                0x2000000c                SystemCoreClock
 .data.impure_data
                0x20000010       0x60 c:/program files (x86)/gnu tools arm embedded/5.4 2016q2/bin/../lib/gcc/arm-none-eabi/5.4.1/../../../../arm-none-eabi/lib/armv7e-m\libg_nano.a(lib_a-impure.o)
 .data._impure_ptr
                0x20000070        0x4 c:/program files (x86)/gnu tools arm embedded/5.4 2016q2/bin/../lib/gcc/arm-none-eabi/5.4.1/../../../../arm-none-eabi/lib/armv7e-m\libg_nano.a(lib_a-impure.o)
                0x20000070                _impure_ptr
 *(.data_end .data_end.*)
 .data_end      0x20000074        0x4 ./system/src/newlib/_startup.o
                0x20000078                . = ALIGN (0x4)
                0x20000078                _edata = .
                0x20000078                __data_end__ = .

.igot.plt       0x20000078        0x0 load address 0x080037b0
 .igot.plt      0x20000078        0x0 ./system/src/stm32f4-hal/stm32f4xx_hal.o

.bss_CCMRAM     0x10000000        0x0
 *(.bss.CCMRAM .bss.CCMRAM.*)

.bss            0x20000078      0x220
                0x20000078                __bss_start__ = .
                0x20000078                _sbss = .
 *(.bss_begin .bss_begin.*)
 .bss_begin     0x20000078        0x4 ./system/src/newlib/_startup.o
 *(.bss .bss.*)
 .bss.current_heap_end.3973
                0x2000007c        0x4 ./system/src/newlib/_sbrk.o
 .bss.name.4281
                0x20000080        0x1 ./system/src/newlib/_syscalls.o
 *fill*         0x20000081        0x3 
 .bss.buf.5165  0x20000084       0x80 ./system/src/diag/Trace.o
 .bss.rx_bytes  0x20000104        0x4 ./src/main.o
                0x20000104                rx_bytes
 .bss.__malloc_sbrk_start
                0x20000108        0x4 c:/program files (x86)/gnu tools arm embedded/5.4 2016q2/bin/../lib/gcc/arm-none-eabi/5.4.1/../../../../arm-none-eabi/lib/armv7e-m\libg_nano.a(lib_a-nano-mallocr.o)
                0x20000108                __malloc_sbrk_start
 .bss.__malloc_free_list
                0x2000010c        0x4 c:/program files (x86)/gnu tools arm embedded/5.4 2016q2/bin/../lib/gcc/arm-none-eabi/5.4.1/../../../../arm-none-eabi/lib/armv7e-m\libg_nano.a(lib_a-nano-mallocr.o)
                0x2000010c                __malloc_free_list
 *(COMMON)
 COMMON         0x20000110        0x4 ./system/src/stm32f4-hal/stm32f4xx_hal.o
                0x20000110                uwTick
 COMMON         0x20000114        0x4 ./system/src/newlib/_syscalls.o
                0x20000114                errno
 COMMON         0x20000118      0x178 ./src/_initialize_hardware.o
                0x20000118                huart3
                0x20000158                hspi3
                0x200001b0                hadc1
                0x200001f8                huart1
                0x20000238                hspi1
 COMMON         0x20000290        0x1 ./src/main.o
                0x20000290                rx_in
 *(.bss_end .bss_end.*)
 *fill*         0x20000291        0x3 
 .bss_end       0x20000294        0x4 ./system/src/newlib/_startup.o
                0x20000298                . = ALIGN (0x4)
                0x20000298                __bss_end__ = .
                0x20000298                _ebss = .

.noinit_CCMRAM
 *(.noinit.CCMRAM .noinit.CCMRAM.*)

.noinit         0x20000298        0x0
                0x20000298                _noinit = .
 *(.noinit .noinit.*)
                0x20000298                . = ALIGN (0x4)
                0x20000298                _end_noinit = .
                [!provide]                PROVIDE (end, _end_noinit)
                [!provide]                PROVIDE (_end, _end_noinit)
                [!provide]                PROVIDE (__end, _end_noinit)
                [!provide]                PROVIDE (__end__, _end_noinit)

._check_stack   0x20000298      0x100
                0x20000398                . = (. + _Minimum_Stack_Size)
 *fill*         0x20000298      0x100 

.b1text
 *(.b1text)
 *(.b1rodata)
 *(.b1rodata.*)

.eb0text
 *(.eb0text)
 *(.eb0rodata)
 *(.eb0rodata.*)

.eb1text
 *(.eb1text)
 *(.eb1rodata)
 *(.eb1rodata.*)

.eb2text
 *(.eb2text)
 *(.eb2rodata)
 *(.eb2rodata.*)

.eb3text
 *(.eb3text)
 *(.eb3rodata)
 *(.eb3rodata.*)

.stab
 *(.stab)

.stabstr
 *(.stabstr)

.stab.excl
 *(.stab.excl)

.stab.exclstr
 *(.stab.exclstr)

.stab.index
 *(.stab.index)

.stab.indexstr
 *(.stab.indexstr)

.comment        0x00000000       0x6e
 *(.comment)
 .comment       0x00000000       0x6e ./system/src/stm32f4-hal/stm32f4xx_hal.o
                                 0x6f (size before relaxing)
 .comment       0x0000006e       0x6f ./system/src/stm32f4-hal/stm32f4xx_hal_adc.o
 .comment       0x0000006e       0x6f ./system/src/stm32f4-hal/stm32f4xx_hal_cortex.o
 .comment       0x0000006e       0x6f ./system/src/stm32f4-hal/stm32f4xx_hal_gpio.o
 .comment       0x0000006e       0x6f ./system/src/stm32f4-hal/stm32f4xx_hal_rcc.o
 .comment       0x0000006e       0x6f ./system/src/stm32f4-hal/stm32f4xx_hal_spi.o
 .comment       0x0000006e       0x6f ./system/src/stm32f4-hal/stm32f4xx_hal_uart.o
 .comment       0x0000006e       0x6f ./system/src/newlib/_exit.o
 .comment       0x0000006e       0x6f ./system/src/newlib/_sbrk.o
 .comment       0x0000006e       0x6f ./system/src/newlib/_startup.o
 .comment       0x0000006e       0x6f ./system/src/newlib/_syscalls.o
 .comment       0x0000006e       0x6f ./system/src/newlib/assert.o
 .comment       0x0000006e       0x6f ./system/src/diag/Trace.o
 .comment       0x0000006e       0x6f ./system/src/diag/trace_impl.o
 .comment       0x0000006e       0x6f ./system/src/cortexm/_initialize_hardware.o
 .comment       0x0000006e       0x6f ./system/src/cortexm/exception_handlers.o
 .comment       0x0000006e       0x6f ./system/src/cmsis/system_stm32f4xx.o
 .comment       0x0000006e       0x6f ./system/src/cmsis/vectors_stm32f446xx.o
 .comment       0x0000006e       0x6f ./src/_initialize_hardware.o
 .comment       0x0000006e       0x6f ./src/main.o
 .comment       0x0000006e       0x6f ./src/stm32f4xx_hal_msp.o
 .comment       0x0000006e       0x6f ./src/stm32f4xx_it.o

.ARM.attributes
                0x00000000       0x31
 .ARM.attributes
                0x00000000       0x33 ./system/src/stm32f4-hal/stm32f4xx_hal.o
 .ARM.attributes
                0x00000033       0x33 ./system/src/stm32f4-hal/stm32f4xx_hal_adc.o
 .ARM.attributes
                0x00000066       0x33 ./system/src/stm32f4-hal/stm32f4xx_hal_cortex.o
 .ARM.attributes
                0x00000099       0x33 ./system/src/stm32f4-hal/stm32f4xx_hal_gpio.o
 .ARM.attributes
                0x000000cc       0x33 ./system/src/stm32f4-hal/stm32f4xx_hal_rcc.o
 .ARM.attributes
                0x000000ff       0x33 ./system/src/stm32f4-hal/stm32f4xx_hal_spi.o
 .ARM.attributes
                0x00000132       0x33 ./system/src/stm32f4-hal/stm32f4xx_hal_uart.o
 .ARM.attributes
                0x00000165       0x33 ./system/src/newlib/_exit.o
 .ARM.attributes
                0x00000198       0x33 ./system/src/newlib/_sbrk.o
 .ARM.attributes
                0x000001cb       0x33 ./system/src/newlib/_startup.o
 .ARM.attributes
                0x000001fe       0x33 ./system/src/newlib/_syscalls.o
 .ARM.attributes
                0x00000231       0x33 ./system/src/newlib/assert.o
 .ARM.attributes
                0x00000264       0x33 ./system/src/diag/Trace.o
 .ARM.attributes
                0x00000297       0x33 ./system/src/diag/trace_impl.o
 .ARM.attributes
                0x000002ca       0x33 ./system/src/cortexm/_initialize_hardware.o
 .ARM.attributes
                0x000002fd       0x33 ./system/src/cortexm/exception_handlers.o
 .ARM.attributes
                0x00000330       0x33 ./system/src/cmsis/system_stm32f4xx.o
 .ARM.attributes
                0x00000363       0x33 ./system/src/cmsis/vectors_stm32f446xx.o
 .ARM.attributes
                0x00000396       0x33 ./src/_initialize_hardware.o
 .ARM.attributes
                0x000003c9       0x33 ./src/main.o
 .ARM.attributes
                0x000003fc       0x33 ./src/stm32f4xx_hal_msp.o
 .ARM.attributes
                0x0000042f       0x33 ./src/stm32f4xx_it.o
 .ARM.attributes
                0x00000462       0x2e c:/program files (x86)/gnu tools arm embedded/5.4 2016q2/bin/../lib/gcc/arm-none-eabi/5.4.1/../../../../arm-none-eabi/lib/armv7e-m\libg_nano.a(lib_a-errno.o)
 .ARM.attributes
                0x00000490       0x2e c:/program files (x86)/gnu tools arm embedded/5.4 2016q2/bin/../lib/gcc/arm-none-eabi/5.4.1/../../../../arm-none-eabi/lib/armv7e-m\libg_nano.a(lib_a-impure.o)
 .ARM.attributes
                0x000004be       0x2e c:/program files (x86)/gnu tools arm embedded/5.4 2016q2/bin/../lib/gcc/arm-none-eabi/5.4.1/../../../../arm-none-eabi/lib/armv7e-m\libg_nano.a(lib_a-sprintf.o)
 .ARM.attributes
                0x000004ec       0x17 c:/program files (x86)/gnu tools arm embedded/5.4 2016q2/bin/../lib/gcc/arm-none-eabi/5.4.1/../../../../arm-none-eabi/lib/armv7e-m\libg_nano.a(lib_a-strlen.o)
 .ARM.attributes
                0x00000503       0x2e c:/program files (x86)/gnu tools arm embedded/5.4 2016q2/bin/../lib/gcc/arm-none-eabi/5.4.1/../../../../arm-none-eabi/lib/armv7e-m\libg_nano.a(lib_a-vsnprintf.o)
 .ARM.attributes
                0x00000531       0x2e c:/program files (x86)/gnu tools arm embedded/5.4 2016q2/bin/../lib/gcc/arm-none-eabi/5.4.1/../../../../arm-none-eabi/lib/armv7e-m\libg_nano.a(lib_a-nano-svfprintf.o)
 .ARM.attributes
                0x0000055f       0x2e c:/program files (x86)/gnu tools arm embedded/5.4 2016q2/bin/../lib/gcc/arm-none-eabi/5.4.1/../../../../arm-none-eabi/lib/armv7e-m\libg_nano.a(lib_a-nano-vfprintf_i.o)
 .ARM.attributes
                0x0000058d       0x1c c:/program files (x86)/gnu tools arm embedded/5.4 2016q2/bin/../lib/gcc/arm-none-eabi/5.4.1/../../../../arm-none-eabi/lib/armv7e-m\libg_nano.a(lib_a-memchr.o)
 .ARM.attributes
                0x000005a9       0x2e c:/program files (x86)/gnu tools arm embedded/5.4 2016q2/bin/../lib/gcc/arm-none-eabi/5.4.1/../../../../arm-none-eabi/lib/armv7e-m\libg_nano.a(lib_a-memcpy-stub.o)
 .ARM.attributes
                0x000005d7       0x2e c:/program files (x86)/gnu tools arm embedded/5.4 2016q2/bin/../lib/gcc/arm-none-eabi/5.4.1/../../../../arm-none-eabi/lib/armv7e-m\libg_nano.a(lib_a-memmove.o)
 .ARM.attributes
                0x00000605       0x2e c:/program files (x86)/gnu tools arm embedded/5.4 2016q2/bin/../lib/gcc/arm-none-eabi/5.4.1/../../../../arm-none-eabi/lib/armv7e-m\libg_nano.a(lib_a-nano-freer.o)
 .ARM.attributes
                0x00000633       0x2e c:/program files (x86)/gnu tools arm embedded/5.4 2016q2/bin/../lib/gcc/arm-none-eabi/5.4.1/../../../../arm-none-eabi/lib/armv7e-m\libg_nano.a(lib_a-nano-mallocr.o)
 .ARM.attributes
                0x00000661       0x2e c:/program files (x86)/gnu tools arm embedded/5.4 2016q2/bin/../lib/gcc/arm-none-eabi/5.4.1/../../../../arm-none-eabi/lib/armv7e-m\libg_nano.a(lib_a-nano-reallocr.o)
 .ARM.attributes
                0x0000068f       0x2e c:/program files (x86)/gnu tools arm embedded/5.4 2016q2/bin/../lib/gcc/arm-none-eabi/5.4.1/../../../../arm-none-eabi/lib/armv7e-m\libg_nano.a(lib_a-sbrkr.o)
 .ARM.attributes
                0x000006bd       0x2e c:/program files (x86)/gnu tools arm embedded/5.4 2016q2/bin/../lib/gcc/arm-none-eabi/5.4.1/../../../../arm-none-eabi/lib/armv7e-m\libg_nano.a(lib_a-mlock.o)
 .ARM.attributes
                0x000006eb       0x2e c:/program files (x86)/gnu tools arm embedded/5.4 2016q2/bin/../lib/gcc/arm-none-eabi/5.4.1/../../../../arm-none-eabi/lib/armv7e-m\libg_nano.a(lib_a-nano-msizer.o)

.debug
 *(.debug)

.line
 *(.line)

.debug_srcinfo
 *(.debug_srcinfo)

.debug_sfnames
 *(.debug_sfnames)

.debug_aranges  0x00000000      0x988
 *(.debug_aranges)
 .debug_aranges
                0x00000000       0xc0 ./system/src/stm32f4-hal/stm32f4xx_hal.o
 .debug_aranges
                0x000000c0       0xe8 ./system/src/stm32f4-hal/stm32f4xx_hal_adc.o
 .debug_aranges
                0x000001a8       0x98 ./system/src/stm32f4-hal/stm32f4xx_hal_cortex.o
 .debug_aranges
                0x00000240       0x58 ./system/src/stm32f4-hal/stm32f4xx_hal_gpio.o
 .debug_aranges
                0x00000298       0x88 ./system/src/stm32f4-hal/stm32f4xx_hal_rcc.o
 .debug_aranges
                0x00000320      0x1b0 ./system/src/stm32f4-hal/stm32f4xx_hal_spi.o
 .debug_aranges
                0x000004d0      0x150 ./system/src/stm32f4-hal/stm32f4xx_hal_uart.o
 .debug_aranges
                0x00000620       0x28 ./system/src/newlib/_exit.o
 .debug_aranges
                0x00000648       0x20 ./system/src/newlib/_sbrk.o
 .debug_aranges
                0x00000668       0x40 ./system/src/newlib/_startup.o
 .debug_aranges
                0x000006a8       0x30 ./system/src/newlib/_syscalls.o
 .debug_aranges
                0x000006d8       0x28 ./system/src/newlib/assert.o
 .debug_aranges
                0x00000700       0x38 ./system/src/diag/Trace.o
 .debug_aranges
                0x00000738       0x30 ./system/src/diag/trace_impl.o
 .debug_aranges
                0x00000768       0x28 ./system/src/cortexm/_initialize_hardware.o
 .debug_aranges
                0x00000790       0x90 ./system/src/cortexm/exception_handlers.o
 .debug_aranges
                0x00000820       0x28 ./system/src/cmsis/system_stm32f4xx.o
 .debug_aranges
                0x00000848       0x20 ./system/src/cmsis/vectors_stm32f446xx.o
 .debug_aranges
                0x00000868       0x98 ./src/_initialize_hardware.o
 .debug_aranges
                0x00000900       0x30 ./src/main.o
 .debug_aranges
                0x00000930       0x38 ./src/stm32f4xx_hal_msp.o
 .debug_aranges
                0x00000968       0x20 ./src/stm32f4xx_it.o

.debug_pubnames
 *(.debug_pubnames)

.debug_info     0x00000000     0xc015
 *(.debug_info .gnu.linkonce.wi.*)
 .debug_info    0x00000000      0x935 ./system/src/stm32f4-hal/stm32f4xx_hal.o
 .debug_info    0x00000935     0x119a ./system/src/stm32f4-hal/stm32f4xx_hal_adc.o
 .debug_info    0x00001acf     0x1112 ./system/src/stm32f4-hal/stm32f4xx_hal_cortex.o
 .debug_info    0x00002be1      0x8b8 ./system/src/stm32f4-hal/stm32f4xx_hal_gpio.o
 .debug_info    0x00003499      0xf82 ./system/src/stm32f4-hal/stm32f4xx_hal_rcc.o
 .debug_info    0x0000441b     0x1aa4 ./system/src/stm32f4-hal/stm32f4xx_hal_spi.o
 .debug_info    0x00005ebf     0x14c8 ./system/src/stm32f4-hal/stm32f4xx_hal_uart.o
 .debug_info    0x00007387       0xef ./system/src/newlib/_exit.o
 .debug_info    0x00007476      0x11f ./system/src/newlib/_sbrk.o
 .debug_info    0x00007595      0x4ef ./system/src/newlib/_startup.o
 .debug_info    0x00007a84      0x1c7 ./system/src/newlib/_syscalls.o
 .debug_info    0x00007c4b      0x1a3 ./system/src/newlib/assert.o
 .debug_info    0x00007dee      0x2e6 ./system/src/diag/Trace.o
 .debug_info    0x000080d4      0x30a ./system/src/diag/trace_impl.o
 .debug_info    0x000083de      0x2bf ./system/src/cortexm/_initialize_hardware.o
 .debug_info    0x0000869d      0x8f4 ./system/src/cortexm/exception_handlers.o
 .debug_info    0x00008f91      0x4ed ./system/src/cmsis/system_stm32f4xx.o
 .debug_info    0x0000947e       0xd1 ./system/src/cmsis/vectors_stm32f446xx.o
 .debug_info    0x0000954f     0x193d ./src/_initialize_hardware.o
 .debug_info    0x0000ae8c      0x8dc ./src/main.o
 .debug_info    0x0000b768       0xe5 ./src/stm32f4xx_hal_msp.o
 .debug_info    0x0000b84d      0x7c8 ./src/stm32f4xx_it.o

.debug_abbrev   0x00000000     0x2324
 *(.debug_abbrev)
 .debug_abbrev  0x00000000      0x224 ./system/src/stm32f4-hal/stm32f4xx_hal.o
 .debug_abbrev  0x00000224      0x27e ./system/src/stm32f4-hal/stm32f4xx_hal_adc.o
 .debug_abbrev  0x000004a2      0x324 ./system/src/stm32f4-hal/stm32f4xx_hal_cortex.o
 .debug_abbrev  0x000007c6      0x204 ./system/src/stm32f4-hal/stm32f4xx_hal_gpio.o
 .debug_abbrev  0x000009ca      0x2b8 ./system/src/stm32f4-hal/stm32f4xx_hal_rcc.o
 .debug_abbrev  0x00000c82      0x21d ./system/src/stm32f4-hal/stm32f4xx_hal_spi.o
 .debug_abbrev  0x00000e9f      0x239 ./system/src/stm32f4-hal/stm32f4xx_hal_uart.o
 .debug_abbrev  0x000010d8       0x8e ./system/src/newlib/_exit.o
 .debug_abbrev  0x00001166       0xb9 ./system/src/newlib/_sbrk.o
 .debug_abbrev  0x0000121f      0x1d4 ./system/src/newlib/_startup.o
 .debug_abbrev  0x000013f3       0xec ./system/src/newlib/_syscalls.o
 .debug_abbrev  0x000014df       0xab ./system/src/newlib/assert.o
 .debug_abbrev  0x0000158a      0x145 ./system/src/diag/Trace.o
 .debug_abbrev  0x000016cf      0x1c8 ./system/src/diag/trace_impl.o
 .debug_abbrev  0x00001897       0xea ./system/src/cortexm/_initialize_hardware.o
 .debug_abbrev  0x00001981      0x247 ./system/src/cortexm/exception_handlers.o
 .debug_abbrev  0x00001bc8      0x104 ./system/src/cmsis/system_stm32f4xx.o
 .debug_abbrev  0x00001ccc       0x9d ./system/src/cmsis/vectors_stm32f446xx.o
 .debug_abbrev  0x00001d69      0x218 ./src/_initialize_hardware.o
 .debug_abbrev  0x00001f81      0x1e3 ./src/main.o
 .debug_abbrev  0x00002164       0x6a ./src/stm32f4xx_hal_msp.o
 .debug_abbrev  0x000021ce      0x156 ./src/stm32f4xx_it.o

.debug_line     0x00000000     0x9934
 *(.debug_line)
 .debug_line    0x00000000      0x787 ./system/src/stm32f4-hal/stm32f4xx_hal.o
 .debug_line    0x00000787      0xca8 ./system/src/stm32f4-hal/stm32f4xx_hal_adc.o
 .debug_line    0x0000142f      0x86a ./system/src/stm32f4-hal/stm32f4xx_hal_cortex.o
 .debug_line    0x00001c99      0x94c ./system/src/stm32f4-hal/stm32f4xx_hal_gpio.o
 .debug_line    0x000025e5      0xa39 ./system/src/stm32f4-hal/stm32f4xx_hal_rcc.o
 .debug_line    0x0000301e      0xf8e ./system/src/stm32f4-hal/stm32f4xx_hal_spi.o
 .debug_line    0x00003fac      0xe8e ./system/src/stm32f4-hal/stm32f4xx_hal_uart.o
 .debug_line    0x00004e3a      0x33c ./system/src/newlib/_exit.o
 .debug_line    0x00005176      0x2ee ./system/src/newlib/_sbrk.o
 .debug_line    0x00005464      0x3b6 ./system/src/newlib/_startup.o
 .debug_line    0x0000581a      0x3fc ./system/src/newlib/_syscalls.o
 .debug_line    0x00005c16      0x377 ./system/src/newlib/assert.o
 .debug_line    0x00005f8d      0x39b ./system/src/diag/Trace.o
 .debug_line    0x00006328      0x6c2 ./system/src/diag/trace_impl.o
 .debug_line    0x000069ea      0x62b ./system/src/cortexm/_initialize_hardware.o
 .debug_line    0x00007015      0x754 ./system/src/cortexm/exception_handlers.o
 .debug_line    0x00007769      0x62b ./system/src/cmsis/system_stm32f4xx.o
 .debug_line    0x00007d94      0x105 ./system/src/cmsis/vectors_stm32f446xx.o
 .debug_line    0x00007e99      0x7b3 ./src/_initialize_hardware.o
 .debug_line    0x0000864c      0x6be ./src/main.o
 .debug_line    0x00008d0a      0x625 ./src/stm32f4xx_hal_msp.o
 .debug_line    0x0000932f      0x605 ./src/stm32f4xx_it.o

.debug_frame    0x00000000     0x1a8c
 *(.debug_frame)
 .debug_frame   0x00000000      0x188 ./system/src/stm32f4-hal/stm32f4xx_hal.o
 .debug_frame   0x00000188      0x27c ./system/src/stm32f4-hal/stm32f4xx_hal_adc.o
 .debug_frame   0x00000404      0x17c ./system/src/stm32f4-hal/stm32f4xx_hal_cortex.o
 .debug_frame   0x00000580       0xf8 ./system/src/stm32f4-hal/stm32f4xx_hal_gpio.o
 .debug_frame   0x00000678      0x158 ./system/src/stm32f4-hal/stm32f4xx_hal_rcc.o
 .debug_frame   0x000007d0      0x514 ./system/src/stm32f4-hal/stm32f4xx_hal_spi.o
 .debug_frame   0x00000ce4      0x39c ./system/src/stm32f4-hal/stm32f4xx_hal_uart.o
 .debug_frame   0x00001080       0x38 ./system/src/newlib/_exit.o
 .debug_frame   0x000010b8       0x28 ./system/src/newlib/_sbrk.o
 .debug_frame   0x000010e0       0x7c ./system/src/newlib/_startup.o
 .debug_frame   0x0000115c       0x50 ./system/src/newlib/_syscalls.o
 .debug_frame   0x000011ac       0x40 ./system/src/newlib/assert.o
 .debug_frame   0x000011ec       0x94 ./system/src/diag/Trace.o
 .debug_frame   0x00001280       0x60 ./system/src/diag/trace_impl.o
 .debug_frame   0x000012e0       0x40 ./system/src/cortexm/_initialize_hardware.o
 .debug_frame   0x00001320      0x158 ./system/src/cortexm/exception_handlers.o
 .debug_frame   0x00001478       0x30 ./system/src/cmsis/system_stm32f4xx.o
 .debug_frame   0x000014a8       0x20 ./system/src/cmsis/vectors_stm32f446xx.o
 .debug_frame   0x000014c8      0x1bc ./src/_initialize_hardware.o
 .debug_frame   0x00001684       0x5c ./src/main.o
 .debug_frame   0x000016e0       0x50 ./src/stm32f4xx_hal_msp.o
 .debug_frame   0x00001730       0x28 ./src/stm32f4xx_it.o
 .debug_frame   0x00001758       0x20 c:/program files (x86)/gnu tools arm embedded/5.4 2016q2/bin/../lib/gcc/arm-none-eabi/5.4.1/../../../../arm-none-eabi/lib/armv7e-m\libg_nano.a(lib_a-errno.o)
 .debug_frame   0x00001778       0x70 c:/program files (x86)/gnu tools arm embedded/5.4 2016q2/bin/../lib/gcc/arm-none-eabi/5.4.1/../../../../arm-none-eabi/lib/armv7e-m\libg_nano.a(lib_a-sprintf.o)
 .debug_frame   0x000017e8       0x48 c:/program files (x86)/gnu tools arm embedded/5.4 2016q2/bin/../lib/gcc/arm-none-eabi/5.4.1/../../../../arm-none-eabi/lib/armv7e-m\libg_nano.a(lib_a-vsnprintf.o)
 .debug_frame   0x00001830       0x90 c:/program files (x86)/gnu tools arm embedded/5.4 2016q2/bin/../lib/gcc/arm-none-eabi/5.4.1/../../../../arm-none-eabi/lib/armv7e-m\libg_nano.a(lib_a-nano-svfprintf.o)
 .debug_frame   0x000018c0       0x60 c:/program files (x86)/gnu tools arm embedded/5.4 2016q2/bin/../lib/gcc/arm-none-eabi/5.4.1/../../../../arm-none-eabi/lib/armv7e-m\libg_nano.a(lib_a-nano-vfprintf_i.o)
 .debug_frame   0x00001920       0x28 c:/program files (x86)/gnu tools arm embedded/5.4 2016q2/bin/../lib/gcc/arm-none-eabi/5.4.1/../../../../arm-none-eabi/lib/armv7e-m\libg_nano.a(lib_a-memcpy-stub.o)
 .debug_frame   0x00001948       0x28 c:/program files (x86)/gnu tools arm embedded/5.4 2016q2/bin/../lib/gcc/arm-none-eabi/5.4.1/../../../../arm-none-eabi/lib/armv7e-m\libg_nano.a(lib_a-memmove.o)
 .debug_frame   0x00001970       0x38 c:/program files (x86)/gnu tools arm embedded/5.4 2016q2/bin/../lib/gcc/arm-none-eabi/5.4.1/../../../../arm-none-eabi/lib/armv7e-m\libg_nano.a(lib_a-nano-freer.o)
 .debug_frame   0x000019a8       0x2c c:/program files (x86)/gnu tools arm embedded/5.4 2016q2/bin/../lib/gcc/arm-none-eabi/5.4.1/../../../../arm-none-eabi/lib/armv7e-m\libg_nano.a(lib_a-nano-mallocr.o)
 .debug_frame   0x000019d4       0x3c c:/program files (x86)/gnu tools arm embedded/5.4 2016q2/bin/../lib/gcc/arm-none-eabi/5.4.1/../../../../arm-none-eabi/lib/armv7e-m\libg_nano.a(lib_a-nano-reallocr.o)
 .debug_frame   0x00001a10       0x2c c:/program files (x86)/gnu tools arm embedded/5.4 2016q2/bin/../lib/gcc/arm-none-eabi/5.4.1/../../../../arm-none-eabi/lib/armv7e-m\libg_nano.a(lib_a-sbrkr.o)
 .debug_frame   0x00001a3c       0x30 c:/program files (x86)/gnu tools arm embedded/5.4 2016q2/bin/../lib/gcc/arm-none-eabi/5.4.1/../../../../arm-none-eabi/lib/armv7e-m\libg_nano.a(lib_a-mlock.o)
 .debug_frame   0x00001a6c       0x20 c:/program files (x86)/gnu tools arm embedded/5.4 2016q2/bin/../lib/gcc/arm-none-eabi/5.4.1/../../../../arm-none-eabi/lib/armv7e-m\libg_nano.a(lib_a-nano-msizer.o)

.debug_str      0x00000000    0x84025
 *(.debug_str)
 .debug_str     0x00000000    0x7dd2d ./system/src/stm32f4-hal/stm32f4xx_hal.o
                              0x7e145 (size before relaxing)
 .debug_str     0x0007dd2d      0x6fd ./system/src/stm32f4-hal/stm32f4xx_hal_adc.o
                              0x7dd0a (size before relaxing)
 .debug_str     0x0007e42a      0x36d ./system/src/stm32f4-hal/stm32f4xx_hal_cortex.o
                              0x7df88 (size before relaxing)
 .debug_str     0x0007e797      0x2dd ./system/src/stm32f4-hal/stm32f4xx_hal_gpio.o
                              0x7d982 (size before relaxing)
 .debug_str     0x0007ea74      0x389 ./system/src/stm32f4-hal/stm32f4xx_hal_rcc.o
                              0x7db25 (size before relaxing)
 .debug_str     0x0007edfd      0x651 ./system/src/stm32f4-hal/stm32f4xx_hal_spi.o
                              0x7dece (size before relaxing)
 .debug_str     0x0007f44e      0x4c1 ./system/src/stm32f4-hal/stm32f4xx_hal_uart.o
                              0x7ddd7 (size before relaxing)
 .debug_str     0x0007f90f     0x10b1 ./system/src/newlib/_exit.o
                               0x6eff (size before relaxing)
 .debug_str     0x000809c0      0x4de ./system/src/newlib/_sbrk.o
                               0x62ea (size before relaxing)
 .debug_str     0x00080e9e      0x2cc ./system/src/newlib/_startup.o
                               0x5ee9 (size before relaxing)
 .debug_str     0x0008116a      0xe08 ./system/src/newlib/_syscalls.o
                               0x713a (size before relaxing)
 .debug_str     0x00081f72       0xd5 ./system/src/newlib/assert.o
                               0x7a04 (size before relaxing)
 .debug_str     0x00082047      0x17b ./system/src/diag/Trace.o
                               0x76df (size before relaxing)
 .debug_str     0x000821c2      0x37b ./system/src/diag/trace_impl.o
                              0x7e82b (size before relaxing)
 .debug_str     0x0008253d       0x5e ./system/src/cortexm/_initialize_hardware.o
                              0x7d60c (size before relaxing)
 .debug_str     0x0008259b      0x19d ./system/src/cortexm/exception_handlers.o
                              0x7e9a5 (size before relaxing)
 .debug_str     0x00082738       0x46 ./system/src/cmsis/system_stm32f4xx.o
                              0x7d710 (size before relaxing)
 .debug_str     0x0008277e       0x59 ./system/src/cmsis/vectors_stm32f446xx.o
                               0x30a0 (size before relaxing)
 .debug_str     0x000827d7       0xbb ./src/_initialize_hardware.o
                              0x7e70a (size before relaxing)
 .debug_str     0x00082892     0x171c ./src/main.o
                              0x801c6 (size before relaxing)
 .debug_str     0x00083fae       0x3d ./src/stm32f4xx_hal_msp.o
                              0x7d54b (size before relaxing)
 .debug_str     0x00083feb       0x3a ./src/stm32f4xx_it.o
                              0x7df0b (size before relaxing)

.debug_loc      0x00000000     0x462d
 *(.debug_loc)
 .debug_loc     0x00000000       0x92 ./system/src/stm32f4-hal/stm32f4xx_hal.o
 .debug_loc     0x00000092      0x6c3 ./system/src/stm32f4-hal/stm32f4xx_hal_adc.o
 .debug_loc     0x00000755      0x580 ./system/src/stm32f4-hal/stm32f4xx_hal_cortex.o
 .debug_loc     0x00000cd5      0x4b0 ./system/src/stm32f4-hal/stm32f4xx_hal_gpio.o
 .debug_loc     0x00001185      0x57a ./system/src/stm32f4-hal/stm32f4xx_hal_rcc.o
 .debug_loc     0x000016ff     0x122e ./system/src/stm32f4-hal/stm32f4xx_hal_spi.o
 .debug_loc     0x0000292d      0xf81 ./system/src/stm32f4-hal/stm32f4xx_hal_uart.o
 .debug_loc     0x000038ae       0x82 ./system/src/newlib/_sbrk.o
 .debug_loc     0x00003930      0x36e ./system/src/newlib/_startup.o
 .debug_loc     0x00003c9e       0x63 ./system/src/newlib/_syscalls.o
 .debug_loc     0x00003d01      0x110 ./system/src/newlib/assert.o
 .debug_loc     0x00003e11      0x102 ./system/src/diag/Trace.o
 .debug_loc     0x00003f13      0x17c ./system/src/diag/trace_impl.o
 .debug_loc     0x0000408f      0x2a8 ./system/src/cortexm/exception_handlers.o
 .debug_loc     0x00004337      0x132 ./system/src/cmsis/system_stm32f4xx.o
 .debug_loc     0x00004469      0x135 ./src/_initialize_hardware.o
 .debug_loc     0x0000459e       0x8f ./src/main.o

.debug_macinfo
 *(.debug_macinfo)

.debug_weaknames
 *(.debug_weaknames)

.debug_funcnames
 *(.debug_funcnames)

.debug_typenames
 *(.debug_typenames)

.debug_varnames
 *(.debug_varnames)
OUTPUT(GPS_Sandbox.elf elf32-littlearm)

.debug_ranges   0x00000000      0x858
 .debug_ranges  0x00000000       0xb0 ./system/src/stm32f4-hal/stm32f4xx_hal.o
 .debug_ranges  0x000000b0       0xd8 ./system/src/stm32f4-hal/stm32f4xx_hal_adc.o
 .debug_ranges  0x00000188       0x88 ./system/src/stm32f4-hal/stm32f4xx_hal_cortex.o
 .debug_ranges  0x00000210       0x48 ./system/src/stm32f4-hal/stm32f4xx_hal_gpio.o
 .debug_ranges  0x00000258       0x78 ./system/src/stm32f4-hal/stm32f4xx_hal_rcc.o
 .debug_ranges  0x000002d0      0x1a0 ./system/src/stm32f4-hal/stm32f4xx_hal_spi.o
 .debug_ranges  0x00000470      0x140 ./system/src/stm32f4-hal/stm32f4xx_hal_uart.o
 .debug_ranges  0x000005b0       0x18 ./system/src/newlib/_exit.o
 .debug_ranges  0x000005c8       0x10 ./system/src/newlib/_sbrk.o
 .debug_ranges  0x000005d8       0x30 ./system/src/newlib/_startup.o
 .debug_ranges  0x00000608       0x20 ./system/src/newlib/_syscalls.o
 .debug_ranges  0x00000628       0x18 ./system/src/newlib/assert.o
 .debug_ranges  0x00000640       0x28 ./system/src/diag/Trace.o
 .debug_ranges  0x00000668       0x38 ./system/src/diag/trace_impl.o
 .debug_ranges  0x000006a0       0x18 ./system/src/cortexm/_initialize_hardware.o
 .debug_ranges  0x000006b8       0x98 ./system/src/cortexm/exception_handlers.o
 .debug_ranges  0x00000750       0x18 ./system/src/cmsis/system_stm32f4xx.o
 .debug_ranges  0x00000768       0x10 ./system/src/cmsis/vectors_stm32f446xx.o
 .debug_ranges  0x00000778       0x88 ./src/_initialize_hardware.o
 .debug_ranges  0x00000800       0x20 ./src/main.o
 .debug_ranges  0x00000820       0x28 ./src/stm32f4xx_hal_msp.o
 .debug_ranges  0x00000848       0x10 ./src/stm32f4xx_it.o

.debug_macro    0x00000000    0x17444
 .debug_macro   0x00000000      0x34b ./system/src/stm32f4-hal/stm32f4xx_hal.o
 .debug_macro   0x0000034b      0x898 ./system/src/stm32f4-hal/stm32f4xx_hal.o
 .debug_macro   0x00000be3       0x2e ./system/src/stm32f4-hal/stm32f4xx_hal.o
 .debug_macro   0x00000c11      0x1b0 ./system/src/stm32f4-hal/stm32f4xx_hal.o
 .debug_macro   0x00000dc1       0x2e ./system/src/stm32f4-hal/stm32f4xx_hal.o
 .debug_macro   0x00000def       0x28 ./system/src/stm32f4-hal/stm32f4xx_hal.o
 .debug_macro   0x00000e17      0x34e ./system/src/stm32f4-hal/stm32f4xx_hal.o
 .debug_macro   0x00001165       0x35 ./system/src/stm32f4-hal/stm32f4xx_hal.o
 .debug_macro   0x0000119a       0x50 ./system/src/stm32f4-hal/stm32f4xx_hal.o
 .debug_macro   0x000011ea      0xe66 ./system/src/stm32f4-hal/stm32f4xx_hal.o
 .debug_macro   0x00002050     0x9676 ./system/src/stm32f4-hal/stm32f4xx_hal.o
 .debug_macro   0x0000b6c6       0x43 ./system/src/stm32f4-hal/stm32f4xx_hal.o
 .debug_macro   0x0000b709     0x33a6 ./system/src/stm32f4-hal/stm32f4xx_hal.o
 .debug_macro   0x0000eaaf       0x22 ./system/src/stm32f4-hal/stm32f4xx_hal.o
 .debug_macro   0x0000ead1       0x4c ./system/src/stm32f4-hal/stm32f4xx_hal.o
 .debug_macro   0x0000eb1d       0x8d ./system/src/stm32f4-hal/stm32f4xx_hal.o
 .debug_macro   0x0000ebaa       0x35 ./system/src/stm32f4-hal/stm32f4xx_hal.o
 .debug_macro   0x0000ebdf       0x9c ./system/src/stm32f4-hal/stm32f4xx_hal.o
 .debug_macro   0x0000ec7b       0x16 ./system/src/stm32f4-hal/stm32f4xx_hal.o
 .debug_macro   0x0000ec91       0x4a ./system/src/stm32f4-hal/stm32f4xx_hal.o
 .debug_macro   0x0000ecdb       0x97 ./system/src/stm32f4-hal/stm32f4xx_hal.o
 .debug_macro   0x0000ed72      0x30d ./system/src/stm32f4-hal/stm32f4xx_hal.o
 .debug_macro   0x0000f07f       0xfd ./system/src/stm32f4-hal/stm32f4xx_hal.o
 .debug_macro   0x0000f17c       0x10 ./system/src/stm32f4-hal/stm32f4xx_hal.o
 .debug_macro   0x0000f18c       0x52 ./system/src/stm32f4-hal/stm32f4xx_hal.o
 .debug_macro   0x0000f1de       0x1f ./system/src/stm32f4-hal/stm32f4xx_hal.o
 .debug_macro   0x0000f1fd       0x43 ./system/src/stm32f4-hal/stm32f4xx_hal.o
 .debug_macro   0x0000f240       0x20 ./system/src/stm32f4-hal/stm32f4xx_hal.o
 .debug_macro   0x0000f260      0x187 ./system/src/stm32f4-hal/stm32f4xx_hal.o
 .debug_macro   0x0000f3e7       0x10 ./system/src/stm32f4-hal/stm32f4xx_hal.o
 .debug_macro   0x0000f3f7       0x5e ./system/src/stm32f4-hal/stm32f4xx_hal.o
 .debug_macro   0x0000f455       0x1c ./system/src/stm32f4-hal/stm32f4xx_hal.o
 .debug_macro   0x0000f471       0x52 ./system/src/stm32f4-hal/stm32f4xx_hal.o
 .debug_macro   0x0000f4c3       0x40 ./system/src/stm32f4-hal/stm32f4xx_hal.o
 .debug_macro   0x0000f503       0x10 ./system/src/stm32f4-hal/stm32f4xx_hal.o
 .debug_macro   0x0000f513       0x40 ./system/src/stm32f4-hal/stm32f4xx_hal.o
 .debug_macro   0x0000f553       0xd7 ./system/src/stm32f4-hal/stm32f4xx_hal.o
 .debug_macro   0x0000f62a       0x16 ./system/src/stm32f4-hal/stm32f4xx_hal.o
 .debug_macro   0x0000f640      0x189 ./system/src/stm32f4-hal/stm32f4xx_hal.o
 .debug_macro   0x0000f7c9       0x57 ./system/src/stm32f4-hal/stm32f4xx_hal.o
 .debug_macro   0x0000f820      0xc9e ./system/src/stm32f4-hal/stm32f4xx_hal.o
 .debug_macro   0x000104be      0x9da ./system/src/stm32f4-hal/stm32f4xx_hal.o
 .debug_macro   0x00010e98      0x11e ./system/src/stm32f4-hal/stm32f4xx_hal.o
 .debug_macro   0x00010fb6      0x1a0 ./system/src/stm32f4-hal/stm32f4xx_hal.o
 .debug_macro   0x00011156       0x27 ./system/src/stm32f4-hal/stm32f4xx_hal.o
 .debug_macro   0x0001117d      0x272 ./system/src/stm32f4-hal/stm32f4xx_hal.o
 .debug_macro   0x000113ef       0x5f ./system/src/stm32f4-hal/stm32f4xx_hal.o
 .debug_macro   0x0001144e      0x23a ./system/src/stm32f4-hal/stm32f4xx_hal.o
 .debug_macro   0x00011688      0x391 ./system/src/stm32f4-hal/stm32f4xx_hal.o
 .debug_macro   0x00011a19      0x176 ./system/src/stm32f4-hal/stm32f4xx_hal.o
 .debug_macro   0x00011b8f       0xf9 ./system/src/stm32f4-hal/stm32f4xx_hal.o
 .debug_macro   0x00011c88      0x13a ./system/src/stm32f4-hal/stm32f4xx_hal.o
 .debug_macro   0x00011dc2      0x29c ./system/src/stm32f4-hal/stm32f4xx_hal.o
 .debug_macro   0x0001205e       0x2e ./system/src/stm32f4-hal/stm32f4xx_hal.o
 .debug_macro   0x0001208c      0x11e ./system/src/stm32f4-hal/stm32f4xx_hal.o
 .debug_macro   0x000121aa       0xe8 ./system/src/stm32f4-hal/stm32f4xx_hal.o
 .debug_macro   0x00012292       0x89 ./system/src/stm32f4-hal/stm32f4xx_hal.o
 .debug_macro   0x0001231b      0x202 ./system/src/stm32f4-hal/stm32f4xx_hal.o
 .debug_macro   0x0001251d      0x287 ./system/src/stm32f4-hal/stm32f4xx_hal.o
 .debug_macro   0x000127a4      0x11e ./system/src/stm32f4-hal/stm32f4xx_hal.o
 .debug_macro   0x000128c2      0x2fe ./system/src/stm32f4-hal/stm32f4xx_hal_adc.o
 .debug_macro   0x00012bc0      0x2fd ./system/src/stm32f4-hal/stm32f4xx_hal_cortex.o
 .debug_macro   0x00012ebd      0x335 ./system/src/stm32f4-hal/stm32f4xx_hal_gpio.o
 .debug_macro   0x000131f2      0x327 ./system/src/stm32f4-hal/stm32f4xx_hal_rcc.o
 .debug_macro   0x00013519      0x305 ./system/src/stm32f4-hal/stm32f4xx_hal_spi.o
 .debug_macro   0x0001381e      0x2fe ./system/src/stm32f4-hal/stm32f4xx_hal_uart.o
 .debug_macro   0x00013b1c      0x19c ./system/src/newlib/_exit.o
 .debug_macro   0x00013cb8      0x10e ./system/src/newlib/_exit.o
 .debug_macro   0x00013dc6       0x8d ./system/src/newlib/_exit.o
 .debug_macro   0x00013e53       0x35 ./system/src/newlib/_exit.o
 .debug_macro   0x00013e88      0x151 ./system/src/newlib/_sbrk.o
 .debug_macro   0x00013fd9      0x174 ./system/src/newlib/_sbrk.o
 .debug_macro   0x0001414d       0x10 ./system/src/newlib/_sbrk.o
 .debug_macro   0x0001415d      0x23b ./system/src/newlib/_sbrk.o
 .debug_macro   0x00014398      0x15b ./system/src/newlib/_startup.o
 .debug_macro   0x000144f3      0x89e ./system/src/newlib/_startup.o
 .debug_macro   0x00014d91      0x1f5 ./system/src/newlib/_syscalls.o
 .debug_macro   0x00014f86       0x1c ./system/src/newlib/_syscalls.o
 .debug_macro   0x00014fa2       0x10 ./system/src/newlib/_syscalls.o
 .debug_macro   0x00014fb2       0x10 ./system/src/newlib/_syscalls.o
 .debug_macro   0x00014fc2       0x10 ./system/src/newlib/_syscalls.o
 .debug_macro   0x00014fd2       0x35 ./system/src/newlib/_syscalls.o
 .debug_macro   0x00015007      0x122 ./system/src/newlib/_syscalls.o
 .debug_macro   0x00015129       0x88 ./system/src/newlib/_syscalls.o
 .debug_macro   0x000151b1       0x2b ./system/src/newlib/_syscalls.o
 .debug_macro   0x000151dc      0x118 ./system/src/newlib/_syscalls.o
 .debug_macro   0x000152f4      0x159 ./system/src/newlib/_syscalls.o
 .debug_macro   0x0001544d       0x16 ./system/src/newlib/_syscalls.o
 .debug_macro   0x00015463      0x1b8 ./system/src/newlib/assert.o
 .debug_macro   0x0001561b       0x1c ./system/src/newlib/assert.o
 .debug_macro   0x00015637      0x1c9 ./system/src/diag/Trace.o
 .debug_macro   0x00015800       0x52 ./system/src/diag/Trace.o
 .debug_macro   0x00015852       0x16 ./system/src/diag/Trace.o
 .debug_macro   0x00015868      0x343 ./system/src/diag/trace_impl.o
 .debug_macro   0x00015bab       0x22 ./system/src/diag/trace_impl.o
 .debug_macro   0x00015bcd      0x307 ./system/src/cortexm/_initialize_hardware.o
 .debug_macro   0x00015ed4      0x35c ./system/src/cortexm/exception_handlers.o
 .debug_macro   0x00016230       0x3b ./system/src/cortexm/exception_handlers.o
 .debug_macro   0x0001626b      0x303 ./system/src/cmsis/system_stm32f4xx.o
 .debug_macro   0x0001656e       0x34 ./system/src/cmsis/vectors_stm32f446xx.o
 .debug_macro   0x000165a2      0x2fd ./src/_initialize_hardware.o
 .debug_macro   0x0001689f      0x37c ./src/main.o
 .debug_macro   0x00016c1b      0x225 ./src/main.o
 .debug_macro   0x00016e40      0x2fd ./src/stm32f4xx_hal_msp.o
 .debug_macro   0x0001713d      0x307 ./src/stm32f4xx_it.o
